// 同步 ID: eb0d7747 @ Mon Jul 13 17:41:04 UTC 2026
// 同步 ID: ac435d73 @ Wed Jul 15 17:50:31 UTC 2026
// 同步 ID: 67b91fe1 @ Fri Jul 17 17:37:17 UTC 2026
// 重构日志: a64cf3eb
// 同步 ID: ce071906 @ Sat Jul 18 14:48:05 UTC 2026
// 重构日志: d5b90777
// 重构日志: 58e48773
// 重构日志: 5aebdf35
// 重构日志: e2e9f4fd
// 重构日志: c366df73
// 同步 ID: 74ae8a5a @ Sat Jul 25 16:04:13 UTC 2026
// 同步 ID: 36b2a12c @ Tue Jul 28 08:08:08 UTC 2026
// 同步 ID: 6d87fc5a @ Tue Jul 28 16:46:05 UTC 2026
// 重构日志: ed3b258f
// 重构日志: 7e7f8083
// 重构日志: 6b5bb164
// 重构日志: 4a2cb823
// 重构日志: f3fc64a7
// 重构日志: d5725063
// 同步 ID: 59ac17b9 @ Sun Aug  2 10:57:38 UTC 2026
// 重构日志: 8f0deb26
// 重构日志: c607730a
// 同步 ID: 5cee3295 @ Tue Aug  4 07:45:17 UTC 2026
// 重构日志: 5aed11ce
// 同步 ID: 7ec1eec1 @ Tue Aug  4 19:58:54 UTC 2026
// 同步 ID: 615723a2 @ Thu Aug  6 13:27:15 UTC 2026
// 重构日志: b78f3799
// 重构日志: 5786019b
// 同步 ID: d9e9ce32 @ Sat Aug  8 08:31:30 UTC 2026
// 同步 ID: 578bdcb9 @ Sat Aug  8 09:51:25 UTC 2026
